---
source: src/docker.rs
expression: response
---
{
  "digest": "sha256:765942a4039992336de8dd5db680586e1a206607dd06170ff0a37267a9e01958",
  "manifest": {
    "schemaVersion": 2,
    "mediaType": "application/vnd.oci.image.index.v1+json",
    "manifests": [
      {
        "mediaType": "application/vnd.oci.image.manifest.v1+json",
        "size": 1022,
        "digest": "sha256:008827ed2172a676b08121e21cf9db0ce08a90ee6c8a12fc374af8a56c0e496d",
        "platform": {
          "architecture": "amd64",
          "os": "linux"
        }
      },
      {
        "mediaType": "application/vnd.oci.image.manifest.v1+json",
        "size": 838,
        "digest": "sha256:eaa1a55517a9b7caee112a0f5b2fd541f222413234a035b5b89c812efa82137c",
        "platform": {
          "architecture": "unknown",
          "os": "unknown"
        }
      },
      {
        "mediaType": "application/vnd.oci.image.manifest.v1+json",
        "size": 1023,
        "digest": "sha256:af1169cde24ef30cc22ef332bea3d3454302d23bd508184f8761808048070031",
        "platform": {
          "architecture": "arm",
          "os": "linux",
          "variant": "v6"
        }
      },
      {
        "mediaType": "application/vnd.oci.image.manifest.v1+json",
        "size": 566,
        "digest": "sha256:c590d048e7be632c6559d39c16735701bb3bba636a82f32aac6834a349b22ca3",
        "platform": {
          "architecture": "unknown",
          "os": "unknown"
        }
      },
      {
        "mediaType": "application/vnd.oci.image.manifest.v1+json",
        "size": 1023,
        "digest": "sha256:7f94a9bfb82277581c655bacc17bcb07a62b85c6169a1d6ad5df0bde15040e02",
        "platform": {
          "architecture": "arm",
          "os": "linux",
          "variant": "v7"
        }
      },
      {
        "mediaType": "application/vnd.oci.image.manifest.v1+json",
        "size": 838,
        "digest": "sha256:b5f0ca7ef2f184953bc22801b7f54293246e220c126f2921313a9b7ea34a5772",
        "platform": {
          "architecture": "unknown",
          "os": "unknown"
        }
      },
      {
        "mediaType": "application/vnd.oci.image.manifest.v1+json",
        "size": 1025,
        "digest": "sha256:ca485c6a7b51db176b2b922aae711edb0cc82953424663297f279babaa3c2fb7",
        "platform": {
          "architecture": "arm64",
          "os": "linux",
          "variant": "v8"
        }
      },
      {
        "mediaType": "application/vnd.oci.image.manifest.v1+json",
        "size": 838,
        "digest": "sha256:f1a7e0415ff82b0ad0f3aae3dbc9edebb09e63d332698a953ac0c614bb7076ff",
        "platform": {
          "architecture": "unknown",
          "os": "unknown"
        }
      },
      {
        "mediaType": "application/vnd.oci.image.manifest.v1+json",
        "size": 1018,
        "digest": "sha256:aecf0fcf2640d401102308301e4dcc2fa0acb1608e098ae8e7bc97843cb2ca2f",
        "platform": {
          "architecture": "386",
          "os": "linux"
        }
      },
      {
        "mediaType": "application/vnd.oci.image.manifest.v1+json",
        "size": 838,
        "digest": "sha256:77b65d7b3a203c6a06df1b937e7da4fb707b40bd8f424dc892f729182af95b38",
        "platform": {
          "architecture": "unknown",
          "os": "unknown"
        }
      },
      {
        "mediaType": "application/vnd.oci.image.manifest.v1+json",
        "size": 1025,
        "digest": "sha256:35b046b830a6f76d7a06aa2506ae082ab549ff3e720c52274d5e1a561de32f1b",
        "platform": {
          "architecture": "ppc64le",
          "os": "linux"
        }
      },
      {
        "mediaType": "application/vnd.oci.image.manifest.v1+json",
        "size": 838,
        "digest": "sha256:bce2e39bac504ae0875b5333680e9d3d0b389f1858fc85b1620161a0e1987eb9",
        "platform": {
          "architecture": "unknown",
          "os": "unknown"
        }
      },
      {
        "mediaType": "application/vnd.oci.image.manifest.v1+json",
        "size": 1025,
        "digest": "sha256:232135d832a25a3b20c0f79e642e2e2d635f8282ee022ca0aa81dc701a97b9b7",
        "platform": {
          "architecture": "riscv64",
          "os": "linux"
        }
      },
      {
        "mediaType": "application/vnd.oci.image.manifest.v1+json",
        "size": 838,
        "digest": "sha256:4ebfd85eb89796106d40bff703837b29fe275de7aea0a8e7f05ad77c740e7fad",
        "platform": {
          "architecture": "unknown",
          "os": "unknown"
        }
      },
      {
        "mediaType": "application/vnd.oci.image.manifest.v1+json",
        "size": 1021,
        "digest": "sha256:38381f79c1fae0f1d58ae9910bb0793c3ad41d3e9496b6de8b9f3e4332d7a3d8",
        "platform": {
          "architecture": "s390x",
          "os": "linux"
        }
      },
      {
        "mediaType": "application/vnd.oci.image.manifest.v1+json",
        "size": 838,
        "digest": "sha256:20a1f9e3f0411b3fa0e3766c53ab26a52c5e15ec2d172fe6058d6f96008f0d20",
        "platform": {
          "architecture": "unknown",
          "os": "unknown"
        }
      }
    ]
  }
}
